

Mon Sep 30 00:52:45 2019
Command line: TestDisk

TestDisk 7.0, Data Recovery Utility, April 2015
Christophe GRENIER <grenier@cgsecurity.org>
http://www.cgsecurity.org
OS: Linux, kernel 5.0.0-29-generic (#31~18.04.1-Ubuntu SMP Thu Sep 12 18:29:21 UTC 2019) x86_64
Compiler: GCC 7.2
ext2fs lib: 1.44.1, ntfs lib: libntfs-3g, reiserfs lib: none, ewf lib: none, curses lib: ncurses 6.0
/dev/sda: LBA, HPA, LBA48, DCO support
/dev/sda: size       976773168 sectors
/dev/sda: user_max   976773168 sectors
/dev/sda: native_max 976773168 sectors
/dev/sdb: LBA, HPA, LBA48, DCO support
/dev/sdb: size       234441648 sectors
/dev/sdb: user_max   234441648 sectors
/dev/sdb: native_max 234441648 sectors
Warning: can't get size for Disk /dev/mapper/control - 0 B - 0 sectors, sector size=512
Hard disk list
Disk /dev/sda - 500 GB / 465 GiB - CHS 60801 255 63, sector size=512 - WDC WD5000AAKX-08ERMA0, S/N:WD-WMC2E2845785, FW:19.01H19
Disk /dev/sdb - 120 GB / 111 GiB - CHS 14593 255 63, sector size=512 - Corsair Force LE200 SSD, S/N:1733798500012413046A, FW:SBFM71.1

Partition table type (auto): EFI GPT
Disk /dev/sda - 500 GB / 465 GiB - WDC WD5000AAKX-08ERMA0
Partition table type: Intel

Interface Advanced
Geometry from i386 MBR: head=255 sector=63
check_part_i386 1 type EE: no test
 1 P EFI GPT                  0   0  2 267349  89  4 4294967295
Incomplete image created.

Interface Advanced
Geometry from i386 MBR: head=255 sector=63
check_part_i386 1 type EE: no test
 1 P EFI GPT                  0   0  2 267349  89  4 4294967295
Incomplete image created.
SIGHUP detected! TestDisk has been killed.
